Connected to DB
Found HOD: Prof. HOD CSE Dept: Computer Science and Engineering

--- Testing daily-overview ---
Daily overview success

--- Testing summary ---
node : Summary failed: 
MongoServerError: 
unrecognized option to 
$unwind stage: 
preserveNullAndEmpty
At line:1 char:1
+ node 
test_hod_dashboard.js > 
test_output.txt 2>&1
+ ~~~~~~~~~~~~~~~~~~~~~~~~~~
~~~~~~~~~~~~~~~~~~~~~~~
    + CategoryInfo          
    : NotSpecified: (Summa  
  ry failed:...rveNullAnd   
 Empty:String) [], Remot    
eException
    + FullyQualifiedErrorId 
    : NativeCommandError
 
    at Connection.onMessage 
(D:\hod new antigravity\back
end\node_modules\mongodb\lib
\cmap\connection.js:202:26)
    at 
MessageStream.<anonymous> 
(D:\hod new antigravity\back
end\node_modules\mongodb\lib
\cmap\connection.js:61:60)
    at MessageStream.emit 
(node:events:518:28)
    at processIncomingData 
(D:\hod new antigravity\back
end\node_modules\mongodb\lib
\cmap\message_stream.js:124:
16)
    at MessageStream._write 
(D:\hod new antigravity\back
end\node_modules\mongodb\lib
\cmap\message_stream.js:33:9
)
    at writeOrBuffer (node:i
nternal/streams/writable:572
:12)
    at _write (node:internal
/streams/writable:501:10)
    at Writable.write (node:
internal/streams/writable:51
0:10)
    at Socket.ondata (node:i
nternal/streams/readable:100
9:22)
    at Socket.emit 
(node:events:518:28) {
  ok: 0,
  code: 28811,
  codeName: 'Location28811',
  [Symbol(errorLabels)]: 
Set(0) {}
}
